 ⨯ Failed to start server

Error: listen EADDRINUSE: address already in use :::1234
    at <unknown> (Error: listen EADDRINUSE: address already in use :::1234)
    at new Promise (<anonymous>) {
  code: 'EADDRINUSE',
  errno: -4091,
  syscall: 'listen',
  address: '::',
  port: 1234
}

 ⨯ Failed to start server

Error: listen EADDRINUSE: address already in use :::1234
    at <unknown> (Error: listen EADDRINUSE: address already in use :::1234)
    at new Promise (<anonymous>) {
  code: 'EADDRINUSE',
  errno: -4091,
  syscall: 'listen',
  address: '::',
  port: 1234
}

 ⨯ Failed to start server

Error: listen EADDRINUSE: address already in use :::1234
    at <unknown> (Error: listen EADDRINUSE: address already in use :::1234)
    at new Promise (<anonymous>) {
  code: 'EADDRINUSE',
  errno: -4091,
  syscall: 'listen',
  address: '::',
  port: 1234
}

